// Jest Snapshot v1, https://goo.gl/fbAQLP

exports[`ProductTableColumn succeeds at shallow mount with minimal props 1`] = `
<span
  className="ProductTableColumn"
/>
`;
