// Jest Snapshot v1, https://goo.gl/fbAQLP

exports[`CustomerSearchForm succeeds at shallow mount with min props 1`] = `
<CustomerSearchForm
  actions={
    Object {
      "createCustomer": [MockFunction],
      "saveSearchTerms": [MockFunction],
      "searchCustomerWithSingleTerm": [MockFunction],
      "searchCustomers": [MockFunction],
      "validateIdentification": [MockFunction],
    }
  }
  additionalFields={Array []}
  customerIdValidationStatus={false}
  customerIdentificationValidationEnabled={false}
  customerToCreate={Object {}}
  displayOptions={
    Object {
      "customerDataForm": Object {},
      "identification": Array [],
      "organizationIdentification": Object {},
    }
  }
  intl={
    Object {
      "defaultFormats": Object {},
      "defaultLocale": "en",
      "formatDate": [Function],
      "formatHTMLMessage": [Function],
      "formatMessage": [Function],
      "formatNumber": [Function],
      "formatPlural": [Function],
      "formatRelative": [Function],
      "formatTime": [Function],
      "formats": Object {},
      "formatters": Object {
        "getDateTimeFormat": [Function],
        "getMessageFormat": [Function],
        "getNumberFormat": [Function],
        "getPluralFormat": [Function],
        "getRelativeFormat": [Function],
      },
      "locale": "en",
      "messages": Object {},
      "now": [Function],
      "onError": [Function],
      "textComponent": "span",
      "timeZone": null,
    }
  }
  matchForIdTypeAndNumber={Array []}
  schema={
    ObjectSchema {
      "_blacklist": BadSet {
        "_map": Object {},
        "_refs": Object {},
      },
      "_conditions": Array [],
      "_defaultDefault": [Function],
      "_deps": Array [],
      "_excludedEdges": Array [
        "undefined-undefined",
      ],
      "_exclusive": Object {},
      "_label": "customerDataForm",
      "_mutate": false,
      "_nodes": Array [
        "country",
        "city",
        "postalCode",
        "coAddress",
        "street",
        "passportExpiryDate",
        "passportNumber",
        "gender",
        "birthDay",
        "fixedLineNumber",
        "mobileNumber",
        "email",
        "lastName",
        "firstName",
      ],
      "_options": Object {
        "abortEarly": true,
        "recursive": true,
      },
      "_type": "object",
      "_typeError": [Function],
      "_whitelist": BadSet {
        "_map": Object {},
        "_refs": Object {},
      },
      "fields": Object {
        "birthDay": DateSchema {
          "_blacklist": BadSet {
            "_map": Object {},
            "_refs": Object {},
          },
          "_conditions": Array [],
          "_deps": Array [],
          "_exclusive": Object {},
          "_label": "birthDay",
          "_mutate": false,
          "_nullable": true,
          "_options": Object {
            "abortEarly": true,
            "recursive": true,
          },
          "_type": "date",
          "_typeError": [Function],
          "_whitelist": BadSet {
            "_map": Object {},
            "_refs": Object {},
          },
          "tests": Array [],
          "transforms": Array [
            [Function],
          ],
        },
        "city": StringSchema {
          "_blacklist": BadSet {
            "_map": Object {},
            "_refs": Object {},
          },
          "_conditions": Array [],
          "_deps": Array [],
          "_exclusive": Object {},
          "_label": "city",
          "_mutate": false,
          "_options": Object {
            "abortEarly": true,
            "recursive": true,
          },
          "_type": "string",
          "_typeError": [Function],
          "_whitelist": BadSet {
            "_map": Object {},
            "_refs": Object {},
          },
          "tests": Array [],
          "transforms": Array [
            [Function],
          ],
        },
        "coAddress": StringSchema {
          "_blacklist": BadSet {
            "_map": Object {},
            "_refs": Object {},
          },
          "_conditions": Array [],
          "_deps": Array [],
          "_exclusive": Object {},
          "_label": "coAddress",
          "_mutate": false,
          "_options": Object {
            "abortEarly": true,
            "recursive": true,
          },
          "_type": "string",
          "_typeError": [Function],
          "_whitelist": BadSet {
            "_map": Object {},
            "_refs": Object {},
          },
          "tests": Array [],
          "transforms": Array [
            [Function],
          ],
        },
        "country": StringSchema {
          "_blacklist": BadSet {
            "_map": Object {},
            "_refs": Object {},
          },
          "_conditions": Array [],
          "_deps": Array [],
          "_exclusive": Object {},
          "_label": "country",
          "_mutate": false,
          "_options": Object {
            "abortEarly": true,
            "recursive": true,
          },
          "_type": "string",
          "_typeError": [Function],
          "_whitelist": BadSet {
            "_map": Object {},
            "_refs": Object {},
          },
          "tests": Array [],
          "transforms": Array [
            [Function],
          ],
        },
        "email": StringSchema {
          "_blacklist": BadSet {
            "_map": Object {},
            "_refs": Object {},
          },
          "_conditions": Array [],
          "_deps": Array [],
          "_exclusive": Object {
            "required": false,
            "trim": false,
            "undefined": false,
          },
          "_label": "email",
          "_mutate": false,
          "_options": Object {
            "abortEarly": true,
            "recursive": true,
          },
          "_type": "string",
          "_typeError": [Function],
          "_whitelist": BadSet {
            "_map": Object {},
            "_refs": Object {},
          },
          "tests": Array [
            [Function],
            [Function],
            [Function],
            [Function],
          ],
          "transforms": Array [
            [Function],
            [Function],
          ],
        },
        "firstName": StringSchema {
          "_blacklist": BadSet {
            "_map": Object {},
            "_refs": Object {},
          },
          "_conditions": Array [],
          "_deps": Array [],
          "_exclusive": Object {
            "required": false,
            "trim": false,
          },
          "_label": "firstName",
          "_mutate": false,
          "_options": Object {
            "abortEarly": true,
            "recursive": true,
          },
          "_type": "string",
          "_typeError": [Function],
          "_whitelist": BadSet {
            "_map": Object {},
            "_refs": Object {},
          },
          "tests": Array [
            [Function],
            [Function],
            [Function],
          ],
          "transforms": Array [
            [Function],
            [Function],
          ],
        },
        "fixedLineNumber": StringSchema {
          "_blacklist": BadSet {
            "_map": Object {},
            "_refs": Object {},
          },
          "_conditions": Array [],
          "_deps": Array [],
          "_exclusive": Object {},
          "_label": "fixedLineNumber",
          "_mutate": false,
          "_options": Object {
            "abortEarly": true,
            "recursive": true,
          },
          "_type": "string",
          "_typeError": [Function],
          "_whitelist": BadSet {
            "_map": Object {},
            "_refs": Object {},
          },
          "tests": Array [],
          "transforms": Array [
            [Function],
          ],
        },
        "gender": StringSchema {
          "_blacklist": BadSet {
            "_map": Object {},
            "_refs": Object {},
          },
          "_conditions": Array [],
          "_deps": Array [],
          "_exclusive": Object {
            "required": false,
            "trim": false,
          },
          "_label": "gender",
          "_mutate": false,
          "_options": Object {
            "abortEarly": true,
            "recursive": true,
          },
          "_type": "string",
          "_typeError": [Function],
          "_whitelist": BadSet {
            "_map": Object {},
            "_refs": Object {},
          },
          "tests": Array [
            [Function],
            [Function],
            [Function],
          ],
          "transforms": Array [
            [Function],
            [Function],
          ],
        },
        "lastName": StringSchema {
          "_blacklist": BadSet {
            "_map": Object {},
            "_refs": Object {},
          },
          "_conditions": Array [],
          "_deps": Array [],
          "_exclusive": Object {
            "required": false,
            "trim": false,
          },
          "_label": "lastName",
          "_mutate": false,
          "_options": Object {
            "abortEarly": true,
            "recursive": true,
          },
          "_type": "string",
          "_typeError": [Function],
          "_whitelist": BadSet {
            "_map": Object {},
            "_refs": Object {},
          },
          "tests": Array [
            [Function],
            [Function],
            [Function],
          ],
          "transforms": Array [
            [Function],
            [Function],
          ],
        },
        "mobileNumber": StringSchema {
          "_blacklist": BadSet {
            "_map": Object {},
            "_refs": Object {},
          },
          "_conditions": Array [],
          "_deps": Array [],
          "_exclusive": Object {},
          "_label": "mobileNumber",
          "_mutate": false,
          "_options": Object {
            "abortEarly": true,
            "recursive": true,
          },
          "_type": "string",
          "_typeError": [Function],
          "_whitelist": BadSet {
            "_map": Object {},
            "_refs": Object {},
          },
          "tests": Array [],
          "transforms": Array [
            [Function],
          ],
        },
        "passportExpiryDate": StringSchema {
          "_blacklist": BadSet {
            "_map": Object {},
            "_refs": Object {},
          },
          "_conditions": Array [],
          "_deps": Array [],
          "_exclusive": Object {
            "required": false,
            "trim": false,
          },
          "_label": "passportExpiryDate",
          "_mutate": false,
          "_options": Object {
            "abortEarly": true,
            "recursive": true,
          },
          "_type": "string",
          "_typeError": [Function],
          "_whitelist": BadSet {
            "_map": Object {},
            "_refs": Object {},
          },
          "tests": Array [
            [Function],
            [Function],
            [Function],
          ],
          "transforms": Array [
            [Function],
            [Function],
          ],
        },
        "passportNumber": StringSchema {
          "_blacklist": BadSet {
            "_map": Object {},
            "_refs": Object {},
          },
          "_conditions": Array [],
          "_deps": Array [],
          "_exclusive": Object {
            "required": false,
            "trim": false,
          },
          "_label": "passportNumber",
          "_mutate": false,
          "_options": Object {
            "abortEarly": true,
            "recursive": true,
          },
          "_type": "string",
          "_typeError": [Function],
          "_whitelist": BadSet {
            "_map": Object {},
            "_refs": Object {},
          },
          "tests": Array [
            [Function],
            [Function],
            [Function],
          ],
          "transforms": Array [
            [Function],
            [Function],
          ],
        },
        "postalCode": StringSchema {
          "_blacklist": BadSet {
            "_map": Object {},
            "_refs": Object {},
          },
          "_conditions": Array [],
          "_deps": Array [],
          "_exclusive": Object {},
          "_label": "postalCode",
          "_mutate": false,
          "_options": Object {
            "abortEarly": true,
            "recursive": true,
          },
          "_type": "string",
          "_typeError": [Function],
          "_whitelist": BadSet {
            "_map": Object {},
            "_refs": Object {},
          },
          "tests": Array [],
          "transforms": Array [
            [Function],
          ],
        },
        "street": StringSchema {
          "_blacklist": BadSet {
            "_map": Object {},
            "_refs": Object {},
          },
          "_conditions": Array [],
          "_deps": Array [],
          "_exclusive": Object {},
          "_label": "street",
          "_mutate": false,
          "_options": Object {
            "abortEarly": true,
            "recursive": true,
          },
          "_type": "string",
          "_typeError": [Function],
          "_whitelist": BadSet {
            "_map": Object {},
            "_refs": Object {},
          },
          "tests": Array [],
          "transforms": Array [
            [Function],
          ],
        },
      },
      "tests": Array [],
      "transforms": Array [
        [Function],
      ],
    }
  }
/>
`;
