// Jest Snapshot v1, https://goo.gl/fbAQLP

exports[`CharacteristicsInputElement should shallow mount with min props 1`] = `
<div
  className="CharacteristicsInputElement-container"
>
  <BaselineRenderCharacteristicsInputElement
    characteristicKey="CH"
    clearProductOfferingErrors={[MockFunction]}
    icc_display_mode="aaa"
    inputCharacteristic={
      Object {
        "values": Array [
          Object {
            "name": "Awesome",
            "value": "100",
          },
          Object {
            "name": "Super awesome",
            "value": "1000",
          },
          Object {
            "name": "Not awesome",
            "value": "1",
          },
        ],
      }
    }
    inputtedCharacteristics={Object {}}
    intl={
      Object {
        "defaultFormats": Object {},
        "defaultLocale": "en",
        "formatDate": [Function],
        "formatHTMLMessage": [Function],
        "formatMessage": [Function],
        "formatNumber": [Function],
        "formatPlural": [Function],
        "formatRelative": [Function],
        "formatTime": [Function],
        "formats": Object {},
        "formatters": Object {
          "getDateTimeFormat": [Function],
          "getMessageFormat": [Function],
          "getNumberFormat": [Function],
          "getPluralFormat": [Function],
          "getRelativeFormat": [Function],
        },
        "locale": "en",
        "messages": Object {},
        "now": [Function],
        "onError": [Function],
        "textComponent": "span",
        "timeZone": null,
      }
    }
    isNominationPO={false}
    nominationPOCharacteristics={Object {}}
    path={Array []}
    product={Object {}}
    setInputtedCharacteristic={[MockFunction]}
  />
  <CharacteristicsNotifications
    clearProductOfferingErrors={[MockFunction]}
    targetCharacteristic="CH"
  />
</div>
`;
