// Jest Snapshot v1, https://goo.gl/fbAQLP

exports[`PaymentReturnHandler succeeds at shallow mount with minimum props 1`] = `
<OcLoadingSpinner
  loading={true}
/>
`;
