// Jest Snapshot v1, https://goo.gl/fbAQLP

exports[`FilterControls succeeds at shallow mount without props 1`] = `
<div>
  <div
    className="b2c-products-filter-main"
  />
</div>
`;
