// Jest Snapshot v1, https://goo.gl/fbAQLP

exports[`OcButton succeeds at shallow mount with minimum props 1`] = `
<button
  className="btn"
  type="button"
/>
`;
