// Jest Snapshot v1, https://goo.gl/fbAQLP

exports[`LoginContainer succeeds at shallow mount with minimal props 1`] = `
<div
  className="LoginContainer"
/>
`;
