// Jest Snapshot v1, https://goo.gl/fbAQLP

exports[`LoginForm succeeds at shallow mount without props 1`] = `<span />`;
