// Jest Snapshot v1, https://goo.gl/fbAQLP

exports[`OcDocumentReviewer succeeds at shallow mount without props 1`] = `
<div
  className="OcDocumentReviewer-wrapper"
/>
`;
