// Jest Snapshot v1, https://goo.gl/fbAQLP

exports[`OcDropdown succeeds at shallow mount with min props 1`] = `
<OcDropdown
  disableOnClickOutside={[Function]}
  dropdownKey="dummy-key"
  enableOnClickOutside={[Function]}
  eventTypes={
    Array [
      "mousedown",
      "touchstart",
    ]
  }
  intl={
    Object {
      "defaultFormats": Object {},
      "defaultLocale": "en",
      "formatDate": [Function],
      "formatHTMLMessage": [Function],
      "formatMessage": [Function],
      "formatNumber": [Function],
      "formatPlural": [Function],
      "formatRelative": [Function],
      "formatTime": [Function],
      "formats": Object {},
      "formatters": Object {
        "getDateTimeFormat": [Function],
        "getMessageFormat": [Function],
        "getNumberFormat": [Function],
        "getPluralFormat": [Function],
        "getRelativeFormat": [Function],
      },
      "locale": "en",
      "messages": Object {},
      "now": [Function],
      "onError": [Function],
      "textComponent": "span",
      "timeZone": null,
    }
  }
  outsideClickIgnoreClass="ignore-react-onclickoutside"
  position="left"
  preventDefault={false}
  stopPropagation={false}
  trianglePosition="left"
/>
`;
