// Jest Snapshot v1, https://goo.gl/fbAQLP

exports[`CreateOrganizationForm succeeds at shallow mount with minimum props 1`] = `
<CreateOrganizationForm
  actions={Object {}}
  createCustomer={[Function]}
  intl={
    Object {
      "defaultFormats": Object {},
      "defaultLocale": "en",
      "formatDate": [Function],
      "formatHTMLMessage": [Function],
      "formatMessage": [Function],
      "formatNumber": [Function],
      "formatPlural": [Function],
      "formatRelative": [Function],
      "formatTime": [Function],
      "formats": Object {},
      "formatters": Object {
        "getDateTimeFormat": [Function],
        "getMessageFormat": [Function],
        "getNumberFormat": [Function],
        "getPluralFormat": [Function],
        "getRelativeFormat": [Function],
      },
      "locale": "en",
      "messages": Object {},
      "now": [Function],
      "onError": [Function],
      "textComponent": "span",
      "timeZone": null,
    }
  }
  locale="en"
  onBlur={[Function]}
  organizationIdentification={
    Array [
      Object {
        "backendValue": "IT",
        "identificationExpiryDate": true,
        "identificationIssuingAuthority": true,
        "localisation": Object {
          "en": "NIT",
          "es": "NIT",
          "fi": "IT",
          "sv": "IT",
        },
      },
    ]
  }
  schema={
    ObjectSchema {
      "_blacklist": BadSet {
        "_map": Object {},
        "_refs": Object {},
      },
      "_conditions": Array [],
      "_defaultDefault": [Function],
      "_deps": Array [],
      "_excludedEdges": Array [
        "undefined-undefined",
      ],
      "_exclusive": Object {},
      "_label": "createOrganizationForm",
      "_mutate": false,
      "_nodes": Array [
        "companyName",
        "idNumber",
        "idType",
      ],
      "_options": Object {
        "abortEarly": true,
        "recursive": true,
      },
      "_type": "object",
      "_typeError": [Function],
      "_whitelist": BadSet {
        "_map": Object {},
        "_refs": Object {},
      },
      "fields": Object {
        "companyName": StringSchema {
          "_blacklist": BadSet {
            "_map": Object {},
            "_refs": Object {},
          },
          "_conditions": Array [],
          "_deps": Array [],
          "_exclusive": Object {
            "required": false,
            "trim": false,
          },
          "_label": "companyName",
          "_mutate": false,
          "_options": Object {
            "abortEarly": true,
            "recursive": true,
          },
          "_type": "string",
          "_typeError": [Function],
          "_whitelist": BadSet {
            "_map": Object {},
            "_refs": Object {},
          },
          "tests": Array [
            [Function],
            [Function],
            [Function],
          ],
          "transforms": Array [
            [Function],
            [Function],
          ],
        },
        "idNumber": StringSchema {
          "_blacklist": BadSet {
            "_map": Object {},
            "_refs": Object {},
          },
          "_conditions": Array [],
          "_deps": Array [],
          "_exclusive": Object {
            "required": false,
            "trim": false,
          },
          "_label": "idNumber",
          "_mutate": false,
          "_options": Object {
            "abortEarly": true,
            "recursive": true,
          },
          "_type": "string",
          "_typeError": [Function],
          "_whitelist": BadSet {
            "_map": Object {},
            "_refs": Object {},
          },
          "tests": Array [
            [Function],
            [Function],
            [Function],
          ],
          "transforms": Array [
            [Function],
            [Function],
          ],
        },
        "idType": StringSchema {
          "_blacklist": BadSet {
            "_map": Object {},
            "_refs": Object {},
          },
          "_conditions": Array [],
          "_deps": Array [],
          "_exclusive": Object {
            "required": false,
            "trim": false,
          },
          "_label": "idType",
          "_mutate": false,
          "_options": Object {
            "abortEarly": true,
            "recursive": true,
          },
          "_type": "string",
          "_typeError": [Function],
          "_whitelist": BadSet {
            "_map": Object {},
            "_refs": Object {},
          },
          "tests": Array [
            [Function],
            [Function],
            [Function],
          ],
          "transforms": Array [
            [Function],
            [Function],
          ],
        },
      },
      "tests": Array [],
      "transforms": Array [
        [Function],
      ],
    }
  }
/>
`;
