// Jest Snapshot v1, https://goo.gl/fbAQLP

exports[`Flex succeeds at shallow mount without props 1`] = `
<div
  className="Flex Flex-wrap"
  style={
    Object {
      "WebkitFlex": "initial",
      "flex": "initial",
    }
  }
/>
`;
