// Jest Snapshot v1, https://goo.gl/fbAQLP

exports[`ActivateSimCard succeeds at shallow mount without props 1`] = `""`;
