// Jest Snapshot v1, https://goo.gl/fbAQLP

exports[`OrganizationSelect succeeds at shallow mount with min props 1`] = `""`;
